// Jest Snapshot v1, https://goo.gl/fbAQLP

exports[`Dashboard Filters component should match snapshot 1`] = `
<ContentFilters
  defaultFilter={
    Object {
      "author": "no name",
      "type": "author",
    }
  }
  onFilter={[MockFunction]}
>
  <styled.div>
    <StyledComponent
      forwardedComponent={
        Object {
          "$$typeof": Symbol(react.forward_ref),
          "attrs": Array [],
          "componentStyle": ComponentStyle {
            "componentId": "sc-eNQAEJ",
            "isStatic": true,
            "lastClassName": "DLuXk",
            "rules": Array [
              "
  padding: 0 ",
              "0.9375rem",
              ";
",
            ],
          },
          "displayName": "styled.div",
          "foldedComponentIds": Array [],
          "render": [Function],
          "styledComponentId": "sc-eNQAEJ",
          "target": "div",
          "toString": [Function],
          "warnTooManyClasses": [Function],
          "withComponent": [Function],
        }
      }
      forwardedRef={null}
    >
      <div
        className="sc-eNQAEJ DLuXk"
      />
    </StyledComponent>
  </styled.div>
</ContentFilters>
`;
